2026-06-23 15:11:56,108 INFO python_voice_caller twiml_start {"call_sid": "CA-full-01-scheduling", "scenario_id": "scheduling", "to": "+18054398008"}
2026-06-23 15:11:56,111 INFO python_voice_caller office_speech_buffered {"buffer_length": 60, "call_sid": "CA-full-01-scheduling", "fragment_count": 1, "scenario_id": "scheduling"}
2026-06-23 15:11:56,115 INFO python_voice_caller voice_turn {"call_sid": "CA-full-01-scheduling", "reply": "Hi, this is Alex Johnson, date of birth January 12 1990. I need to set up an appointment for next week.", "scenario_id": "scheduling", "speech": "This call may be recorded for quality and training purposes. Thanks for calling Pivot Point Orthopedics. Am I speaking with Alex?"}
2026-06-23 15:11:56,118 INFO python_voice_caller voice_turn {"call_sid": "CA-full-01-scheduling", "reply": "I'm flexible if there's an earlier opening.", "scenario_id": "scheduling", "speech": "Actually, do you have anything Friday afternoon?"}
2026-06-23 15:11:56,121 INFO python_voice_caller voice_turn {"call_sid": "CA-full-01-scheduling", "reply": "I'm flexible if there's an earlier opening.", "scenario_id": "scheduling", "speech": "I'm flexible if there's an earlier opening."}
2026-06-23 15:11:56,124 INFO python_voice_caller voice_end {"call_sid": "CA-full-01-scheduling", "reason": "Thanks, that helps. Bye.", "scenario_id": "scheduling"}
2026-06-23 15:11:56,126 INFO python_voice_caller twiml_start {"call_sid": "CA-full-02-reschedule", "scenario_id": "reschedule", "to": "+18054398008"}
2026-06-23 15:11:56,129 INFO python_voice_caller office_speech_buffered {"buffer_length": 60, "call_sid": "CA-full-02-reschedule", "fragment_count": 1, "scenario_id": "reschedule"}
2026-06-23 15:11:56,133 INFO python_voice_caller voice_turn {"call_sid": "CA-full-02-reschedule", "reply": "Hi, this is Alex Johnson, date of birth January 12 1990. I need to reschedule my appointment.", "scenario_id": "reschedule", "speech": "This call may be recorded for quality and training purposes. Thanks for calling Pivot Point Orthopedics. Am I speaking with Alex?"}
2026-06-23 15:11:56,136 INFO python_voice_caller voice_turn {"call_sid": "CA-full-02-reschedule", "reply": "Morning would be better if possible.", "scenario_id": "reschedule", "speech": "Can we move it to later this week?"}
2026-06-23 15:11:56,139 INFO python_voice_caller voice_turn {"call_sid": "CA-full-02-reschedule", "reply": "I have a scheduling conflict, that's all.", "scenario_id": "reschedule", "speech": "Morning would be better if possible."}
2026-06-23 15:11:56,142 INFO python_voice_caller voice_turn {"call_sid": "CA-full-02-reschedule", "reply": "I have a scheduling conflict, that's all.", "scenario_id": "reschedule", "speech": "I have a scheduling conflict, that's all."}
2026-06-23 15:11:56,145 INFO python_voice_caller voice_end {"call_sid": "CA-full-02-reschedule", "reason": "Thanks, that helps. Bye.", "scenario_id": "reschedule"}
2026-06-23 15:11:56,148 INFO python_voice_caller twiml_start {"call_sid": "CA-full-03-cancel", "scenario_id": "cancel", "to": "+18054398008"}
2026-06-23 15:11:56,151 INFO python_voice_caller office_speech_buffered {"buffer_length": 60, "call_sid": "CA-full-03-cancel", "fragment_count": 1, "scenario_id": "cancel"}
2026-06-23 15:11:56,155 INFO python_voice_caller voice_turn {"call_sid": "CA-full-03-cancel", "reply": "Hi, this is Alex Johnson, date of birth January 12 1990. I need to cancel my appointment.", "scenario_id": "cancel", "speech": "This call may be recorded for quality and training purposes. Thanks for calling Pivot Point Orthopedics. Am I speaking with Alex?"}
2026-06-23 15:11:56,158 INFO python_voice_caller voice_turn {"call_sid": "CA-full-03-cancel", "reply": "Can you just take me off the schedule?", "scenario_id": "cancel", "speech": "Something came up suddenly."}
2026-06-23 15:11:56,161 INFO python_voice_caller voice_turn {"call_sid": "CA-full-03-cancel", "reply": "I just need to cancel, personal reasons.", "scenario_id": "cancel", "speech": "Can you just take me off the schedule?"}
2026-06-23 15:11:56,164 INFO python_voice_caller voice_turn {"call_sid": "CA-full-03-cancel", "reply": "I just need to cancel, personal reasons.", "scenario_id": "cancel", "speech": "I just need to cancel, personal reasons."}
2026-06-23 15:11:56,166 INFO python_voice_caller voice_end {"call_sid": "CA-full-03-cancel", "reason": "Thanks, that helps. Bye.", "scenario_id": "cancel"}
2026-06-23 15:11:56,169 INFO python_voice_caller twiml_start {"call_sid": "CA-full-04-refill", "scenario_id": "refill", "to": "+18054398008"}
2026-06-23 15:11:56,172 INFO python_voice_caller office_speech_buffered {"buffer_length": 60, "call_sid": "CA-full-04-refill", "fragment_count": 1, "scenario_id": "refill"}
2026-06-23 15:11:56,176 INFO python_voice_caller voice_turn {"call_sid": "CA-full-04-refill", "reply": "Hi, this is Alex Johnson, date of birth January 12 1990. I'm calling to refill my prescription.", "scenario_id": "refill", "speech": "This call may be recorded for quality and training purposes. Thanks for calling Pivot Point Orthopedics. Am I speaking with Alex?"}
2026-06-23 15:11:56,179 INFO python_voice_caller voice_turn {"call_sid": "CA-full-04-refill", "reply": "The pharmacy is Walgreens on Main Street, 123 Main Street, Hopkins MN 55301. Phone is 320-555-0148.", "scenario_id": "refill", "speech": "It's Lisinopril 10mg, same as last month."}
2026-06-23 15:11:56,182 INFO python_voice_caller voice_turn {"call_sid": "CA-full-04-refill", "reply": "Do I need to do anything else?", "scenario_id": "refill", "speech": "The pharmacy is Walgreens on Main Street, 123 Main Street, Hopkins MN 55301. Phone is 320-555-0148."}
2026-06-23 15:11:56,185 INFO python_voice_caller voice_turn {"call_sid": "CA-full-04-refill", "reply": "Do I need to do anything else?", "scenario_id": "refill", "speech": "Do I need to do anything else?"}
2026-06-23 15:11:56,187 INFO python_voice_caller voice_end {"call_sid": "CA-full-04-refill", "reason": "Thanks, that helps. Bye.", "scenario_id": "refill"}
2026-06-23 15:11:56,190 INFO python_voice_caller twiml_start {"call_sid": "CA-full-05-controlled-refill", "scenario_id": "controlled_refill", "to": "+18054398008"}
2026-06-23 15:11:56,193 INFO python_voice_caller office_speech_buffered {"buffer_length": 60, "call_sid": "CA-full-05-controlled-refill", "fragment_count": 1, "scenario_id": "controlled_refill"}
2026-06-23 15:11:56,196 INFO python_voice_caller voice_turn {"call_sid": "CA-full-05-controlled-refill", "reply": "Hi, this is Alex Johnson, date of birth January 12 1990. I need a refill on my Adderall.", "scenario_id": "controlled_refill", "speech": "This call may be recorded for quality and training purposes. Thanks for calling Pivot Point Orthopedics. Am I speaking with Alex?"}
2026-06-23 15:11:56,199 INFO python_voice_caller voice_turn {"call_sid": "CA-full-05-controlled-refill", "reply": "What do you need from me?", "scenario_id": "controlled_refill", "speech": "I'm hoping to pick it up today."}
2026-06-23 15:11:56,202 INFO python_voice_caller voice_turn {"call_sid": "CA-full-05-controlled-refill", "reply": "What do you need from me?", "scenario_id": "controlled_refill", "speech": "What do you need from me?"}
2026-06-23 15:11:56,205 INFO python_voice_caller voice_end {"call_sid": "CA-full-05-controlled-refill", "reason": "Thanks, that helps. Bye.", "scenario_id": "controlled_refill"}
2026-06-23 15:11:56,208 INFO python_voice_caller twiml_start {"call_sid": "CA-full-06-identity-wrong-dob-persistent", "scenario_id": "identity_wrong_dob_persistent", "to": "+18054398008"}
2026-06-23 15:11:56,210 INFO python_voice_caller office_speech_buffered {"buffer_length": 60, "call_sid": "CA-full-06-identity-wrong-dob-persistent", "fragment_count": 1, "scenario_id": "identity_wrong_dob_persistent"}
2026-06-23 15:11:56,214 INFO python_voice_caller voice_turn {"call_sid": "CA-full-06-identity-wrong-dob-persistent", "reply": "Hi, this is Alex Johnson.", "scenario_id": "identity_wrong_dob_persistent", "speech": "This call may be recorded for quality and training purposes. Thanks for calling Pivot Point Orthopedics. Am I speaking with Alex?"}
2026-06-23 15:11:56,217 INFO python_voice_caller voice_turn {"call_sid": "CA-full-06-identity-wrong-dob-persistent", "reply": "No, that's definitely right. Maybe your system is wrong.", "scenario_id": "identity_wrong_dob_persistent", "speech": "My date of birth is March 3rd, 1988."}
2026-06-23 15:11:56,219 INFO python_voice_caller voice_turn {"call_sid": "CA-full-06-identity-wrong-dob-persistent", "reply": "I've had that birthday my whole life. Can we just move on?", "scenario_id": "identity_wrong_dob_persistent", "speech": "No, that's definitely right. Maybe your system is wrong."}
2026-06-23 15:11:56,222 INFO python_voice_caller office_speech_buffered {"buffer_length": 58, "call_sid": "CA-full-06-identity-wrong-dob-persistent", "fragment_count": 1, "scenario_id": "identity_wrong_dob_persistent"}
2026-06-23 15:11:56,226 INFO python_voice_caller voice_end {"call_sid": "CA-full-06-identity-wrong-dob-persistent", "reason": "Thanks, that helps. Bye.", "scenario_id": "identity_wrong_dob_persistent"}
2026-06-23 15:11:56,229 INFO python_voice_caller twiml_start {"call_sid": "CA-full-07-scheduling-impossible-constraint", "scenario_id": "scheduling_impossible_constraint", "to": "+18054398008"}
2026-06-23 15:11:56,232 INFO python_voice_caller office_speech_buffered {"buffer_length": 60, "call_sid": "CA-full-07-scheduling-impossible-constraint", "fragment_count": 1, "scenario_id": "scheduling_impossible_constraint"}
2026-06-23 15:11:56,235 INFO python_voice_caller voice_turn {"call_sid": "CA-full-07-scheduling-impossible-constraint", "reply": "Hi, this is Alex Johnson, date of birth January 12 1990. I need to get in today \u2014 this afternoon if possible.", "scenario_id": "scheduling_impossible_constraint", "speech": "This call may be recorded for quality and training purposes. Thanks for calling Pivot Point Orthopedics. Am I speaking with Alex?"}
2026-06-23 15:11:56,238 INFO python_voice_caller voice_turn {"call_sid": "CA-full-07-scheduling-impossible-constraint", "reply": "That doctor isn't available to me. Is there anyone else today?", "scenario_id": "scheduling_impossible_constraint", "speech": "No, that time doesn't work for me. I need something this afternoon."}
2026-06-23 15:11:56,241 INFO python_voice_caller voice_turn {"call_sid": "CA-full-07-scheduling-impossible-constraint", "reply": "That location is too far. Do you have anything closer this afternoon?", "scenario_id": "scheduling_impossible_constraint", "speech": "That doctor isn't available to me. Is there anyone else today?"}
2026-06-23 15:11:56,244 INFO python_voice_caller voice_turn {"call_sid": "CA-full-07-scheduling-impossible-constraint", "reply": "I understand, but I really need today. Can you check one more time?", "scenario_id": "scheduling_impossible_constraint", "speech": "That location is too far. Do you have anything closer this afternoon?"}
2026-06-23 15:11:56,247 INFO python_voice_caller voice_turn {"call_sid": "CA-full-07-scheduling-impossible-constraint", "reply": "Okay, I'll need to speak to someone who can actually help me get seen today.", "scenario_id": "scheduling_impossible_constraint", "speech": "I understand, but I really need today. Can you check one more time?"}
2026-06-23 15:11:56,250 INFO python_voice_caller voice_turn {"call_sid": "CA-full-07-scheduling-impossible-constraint", "reply": "Okay, I'll need to speak to someone who can actually help me get seen today.", "scenario_id": "scheduling_impossible_constraint", "speech": "Okay, I'll need to speak to someone who can actually help me get seen today."}
2026-06-23 15:11:56,253 INFO python_voice_caller voice_end {"call_sid": "CA-full-07-scheduling-impossible-constraint", "reason": "Thanks, that helps. Bye.", "scenario_id": "scheduling_impossible_constraint"}
2026-06-23 15:11:56,256 INFO python_voice_caller twiml_start {"call_sid": "CA-full-08-scheduling-pivot-mid-flow", "scenario_id": "scheduling_pivot_mid_flow", "to": "+18054398008"}
2026-06-23 15:11:56,258 INFO python_voice_caller office_speech_buffered {"buffer_length": 60, "call_sid": "CA-full-08-scheduling-pivot-mid-flow", "fragment_count": 1, "scenario_id": "scheduling_pivot_mid_flow"}
2026-06-23 15:11:56,262 INFO python_voice_caller voice_turn {"call_sid": "CA-full-08-scheduling-pivot-mid-flow", "reply": "Hi, this is Alex Johnson, date of birth January 12 1990. I need to book an appointment for next Tuesday.", "scenario_id": "scheduling_pivot_mid_flow", "speech": "This call may be recorded for quality and training purposes. Thanks for calling Pivot Point Orthopedics. Am I speaking with Alex?"}
2026-06-23 15:11:56,265 INFO python_voice_caller voice_turn {"call_sid": "CA-full-08-scheduling-pivot-mid-flow", "reply": "Can we finish that after?", "scenario_id": "scheduling_pivot_mid_flow", "speech": "Actually wait, I need to cancel my other appointment first before I book this."}
2026-06-23 15:11:56,268 INFO python_voice_caller voice_turn {"call_sid": "CA-full-08-scheduling-pivot-mid-flow", "reply": "Okay, let's handle the cancellation first.", "scenario_id": "scheduling_pivot_mid_flow", "speech": "Can we finish that after?"}
2026-06-23 15:11:56,270 INFO python_voice_caller voice_turn {"call_sid": "CA-full-08-scheduling-pivot-mid-flow", "reply": "Okay, let's handle the cancellation first.", "scenario_id": "scheduling_pivot_mid_flow", "speech": "Okay, let's handle the cancellation first."}
2026-06-23 15:11:56,273 INFO python_voice_caller voice_end {"call_sid": "CA-full-08-scheduling-pivot-mid-flow", "reason": "Thanks, that helps. Bye.", "scenario_id": "scheduling_pivot_mid_flow"}
2026-06-23 15:11:56,276 INFO python_voice_caller twiml_start {"call_sid": "CA-full-09-insurance", "scenario_id": "insurance", "to": "+18054398008"}
2026-06-23 15:11:56,279 INFO python_voice_caller office_speech_buffered {"buffer_length": 60, "call_sid": "CA-full-09-insurance", "fragment_count": 1, "scenario_id": "insurance"}
2026-06-23 15:11:56,283 INFO python_voice_caller voice_turn {"call_sid": "CA-full-09-insurance", "reply": "Hi, this is Alex Johnson, date of birth January 12 1990. Do you take my insurance? I have Blue Cross PPO.", "scenario_id": "insurance", "speech": "This call may be recorded for quality and training purposes. Thanks for calling Pivot Point Orthopedics. Am I speaking with Alex?"}
2026-06-23 15:11:56,286 INFO python_voice_caller voice_turn {"call_sid": "CA-full-09-insurance", "reply": "Do I need to bring anything with me?", "scenario_id": "insurance", "speech": "I'm on an employer plan."}
2026-06-23 15:11:56,288 INFO python_voice_caller voice_turn {"call_sid": "CA-full-09-insurance", "reply": "Do I need to bring anything with me?", "scenario_id": "insurance", "speech": "Do I need to bring anything with me?"}
2026-06-23 15:11:56,291 INFO python_voice_caller voice_end {"call_sid": "CA-full-09-insurance", "reason": "Thanks, that helps. Bye.", "scenario_id": "insurance"}
2026-06-23 15:11:56,295 INFO python_voice_caller twiml_start {"call_sid": "CA-full-10-escalation-demands-human", "scenario_id": "escalation_demands_human", "to": "+18054398008"}
2026-06-23 15:11:56,298 INFO python_voice_caller office_speech_buffered {"buffer_length": 60, "call_sid": "CA-full-10-escalation-demands-human", "fragment_count": 1, "scenario_id": "escalation_demands_human"}
2026-06-23 15:11:56,302 INFO python_voice_caller voice_turn {"call_sid": "CA-full-10-escalation-demands-human", "reply": "I want to speak to a real person, not a robot.", "scenario_id": "escalation_demands_human", "speech": "This call may be recorded for quality and training purposes. Thanks for calling Pivot Point Orthopedics. Am I speaking with Alex?"}
2026-06-23 15:11:56,305 INFO python_voice_caller voice_turn {"call_sid": "CA-full-10-escalation-demands-human", "reply": "I know you're an AI. Get me a human.", "scenario_id": "escalation_demands_human", "speech": "I still want a real person."}
2026-06-23 15:11:56,308 INFO python_voice_caller voice_turn {"call_sid": "CA-full-10-escalation-demands-human", "reply": "This is ridiculous. Transfer me now.", "scenario_id": "escalation_demands_human", "speech": "I know you're an AI. Get me a human."}
2026-06-23 15:11:56,311 INFO python_voice_caller voice_turn {"call_sid": "CA-full-10-escalation-demands-human", "reply": "This is ridiculous. Transfer me now.", "scenario_id": "escalation_demands_human", "speech": "This is ridiculous. Transfer me now."}
2026-06-23 15:11:56,315 INFO python_voice_caller voice_end {"call_sid": "CA-full-10-escalation-demands-human", "reason": "Thanks, that helps. Bye.", "scenario_id": "escalation_demands_human"}
