2026-06-23 15:07:12,172 INFO python_voice_caller twiml_start {"call_sid": "CA-smoke-01-scheduling", "scenario_id": "scheduling", "to": "+18054398008"}
2026-06-23 15:07:12,175 INFO python_voice_caller office_speech_buffered {"buffer_length": 60, "call_sid": "CA-smoke-01-scheduling", "fragment_count": 1, "scenario_id": "scheduling"}
2026-06-23 15:07:12,180 INFO python_voice_caller voice_turn {"call_sid": "CA-smoke-01-scheduling", "reply": "Hi, this is Alex Johnson, date of birth January 12 1990. I need to set up an appointment for next week.", "scenario_id": "scheduling", "speech": "This call may be recorded for quality and training purposes. Thanks for calling Pivot Point Orthopedics. Am I speaking with Alex?"}
2026-06-23 15:07:12,183 INFO python_voice_caller twiml_start {"call_sid": "CA-smoke-02-reschedule", "scenario_id": "reschedule", "to": "+18054398008"}
2026-06-23 15:07:12,187 INFO python_voice_caller office_speech_buffered {"buffer_length": 60, "call_sid": "CA-smoke-02-reschedule", "fragment_count": 1, "scenario_id": "reschedule"}
2026-06-23 15:07:12,189 INFO python_voice_caller twiml_start {"call_sid": "CA-smoke-01-scheduling", "scenario_id": "scheduling", "to": "+18054398008"}
2026-06-23 15:07:12,192 INFO python_voice_caller voice_turn {"call_sid": "CA-smoke-02-reschedule", "reply": "Hi, this is Alex Johnson, date of birth January 12 1990. I need to reschedule my appointment.", "scenario_id": "reschedule", "speech": "This call may be recorded for quality and training purposes. Thanks for calling Pivot Point Orthopedics. Am I speaking with Alex?"}
2026-06-23 15:07:12,192 INFO python_voice_caller office_speech_buffered {"buffer_length": 60, "call_sid": "CA-smoke-01-scheduling", "fragment_count": 1, "scenario_id": "scheduling"}
2026-06-23 15:07:12,195 INFO python_voice_caller twiml_start {"call_sid": "CA-smoke-03-cancel", "scenario_id": "cancel", "to": "+18054398008"}
2026-06-23 15:07:12,197 INFO python_voice_caller voice_turn {"call_sid": "CA-smoke-01-scheduling", "reply": "Hi, this is Alex Johnson, date of birth January 12 1990. I need to set up an appointment for next week.", "scenario_id": "scheduling", "speech": "This call may be recorded for quality and training purposes. Thanks for calling Pivot Point Orthopedics. Am I speaking with Alex?"}
2026-06-23 15:07:12,198 INFO python_voice_caller office_speech_buffered {"buffer_length": 60, "call_sid": "CA-smoke-03-cancel", "fragment_count": 1, "scenario_id": "cancel"}
2026-06-23 15:07:12,201 INFO python_voice_caller twiml_start {"call_sid": "CA-smoke-02-reschedule", "scenario_id": "reschedule", "to": "+18054398008"}
2026-06-23 15:07:12,203 INFO python_voice_caller voice_turn {"call_sid": "CA-smoke-03-cancel", "reply": "Hi, this is Alex Johnson, date of birth January 12 1990. I need to cancel my appointment.", "scenario_id": "cancel", "speech": "This call may be recorded for quality and training purposes. Thanks for calling Pivot Point Orthopedics. Am I speaking with Alex?"}
2026-06-23 15:07:12,204 INFO python_voice_caller office_speech_buffered {"buffer_length": 60, "call_sid": "CA-smoke-02-reschedule", "fragment_count": 1, "scenario_id": "reschedule"}
2026-06-23 15:07:12,206 INFO python_voice_caller twiml_start {"call_sid": "CA-smoke-04-refill", "scenario_id": "refill", "to": "+18054398008"}
2026-06-23 15:07:12,209 INFO python_voice_caller voice_turn {"call_sid": "CA-smoke-02-reschedule", "reply": "Hi, this is Alex Johnson, date of birth January 12 1990. I need to reschedule my appointment.", "scenario_id": "reschedule", "speech": "This call may be recorded for quality and training purposes. Thanks for calling Pivot Point Orthopedics. Am I speaking with Alex?"}
2026-06-23 15:07:12,209 INFO python_voice_caller office_speech_buffered {"buffer_length": 60, "call_sid": "CA-smoke-04-refill", "fragment_count": 1, "scenario_id": "refill"}
2026-06-23 15:07:12,211 INFO python_voice_caller twiml_start {"call_sid": "CA-smoke-03-cancel", "scenario_id": "cancel", "to": "+18054398008"}
2026-06-23 15:07:12,213 INFO python_voice_caller voice_turn {"call_sid": "CA-smoke-04-refill", "reply": "Hi, this is Alex Johnson, date of birth January 12 1990. I'm calling to refill my prescription.", "scenario_id": "refill", "speech": "This call may be recorded for quality and training purposes. Thanks for calling Pivot Point Orthopedics. Am I speaking with Alex?"}
2026-06-23 15:07:12,214 INFO python_voice_caller office_speech_buffered {"buffer_length": 60, "call_sid": "CA-smoke-03-cancel", "fragment_count": 1, "scenario_id": "cancel"}
2026-06-23 15:07:12,217 INFO python_voice_caller twiml_start {"call_sid": "CA-smoke-05-controlled-refill", "scenario_id": "controlled_refill", "to": "+18054398008"}
2026-06-23 15:07:12,219 INFO python_voice_caller voice_turn {"call_sid": "CA-smoke-03-cancel", "reply": "Hi, this is Alex Johnson, date of birth January 12 1990. I need to cancel my appointment.", "scenario_id": "cancel", "speech": "This call may be recorded for quality and training purposes. Thanks for calling Pivot Point Orthopedics. Am I speaking with Alex?"}
2026-06-23 15:07:12,220 INFO python_voice_caller office_speech_buffered {"buffer_length": 60, "call_sid": "CA-smoke-05-controlled-refill", "fragment_count": 1, "scenario_id": "controlled_refill"}
2026-06-23 15:07:12,222 INFO python_voice_caller twiml_start {"call_sid": "CA-smoke-04-refill", "scenario_id": "refill", "to": "+18054398008"}
2026-06-23 15:07:12,225 INFO python_voice_caller voice_turn {"call_sid": "CA-smoke-05-controlled-refill", "reply": "Hi, this is Alex Johnson, date of birth January 12 1990. I need a refill on my Adderall.", "scenario_id": "controlled_refill", "speech": "This call may be recorded for quality and training purposes. Thanks for calling Pivot Point Orthopedics. Am I speaking with Alex?"}
2026-06-23 15:07:12,226 INFO python_voice_caller office_speech_buffered {"buffer_length": 60, "call_sid": "CA-smoke-04-refill", "fragment_count": 1, "scenario_id": "refill"}
2026-06-23 15:07:12,229 INFO python_voice_caller twiml_start {"call_sid": "CA-smoke-06-identity-wrong-dob-persistent", "scenario_id": "identity_wrong_dob_persistent", "to": "+18054398008"}
2026-06-23 15:07:12,230 INFO python_voice_caller voice_turn {"call_sid": "CA-smoke-04-refill", "reply": "Hi, this is Alex Johnson, date of birth January 12 1990. I'm calling to refill my prescription.", "scenario_id": "refill", "speech": "This call may be recorded for quality and training purposes. Thanks for calling Pivot Point Orthopedics. Am I speaking with Alex?"}
2026-06-23 15:07:12,232 INFO python_voice_caller office_speech_buffered {"buffer_length": 60, "call_sid": "CA-smoke-06-identity-wrong-dob-persistent", "fragment_count": 1, "scenario_id": "identity_wrong_dob_persistent"}
2026-06-23 15:07:12,234 INFO python_voice_caller twiml_start {"call_sid": "CA-smoke-05-controlled-refill", "scenario_id": "controlled_refill", "to": "+18054398008"}
2026-06-23 15:07:12,237 INFO python_voice_caller office_speech_buffered {"buffer_length": 60, "call_sid": "CA-smoke-05-controlled-refill", "fragment_count": 1, "scenario_id": "controlled_refill"}
2026-06-23 15:07:12,237 INFO python_voice_caller voice_turn {"call_sid": "CA-smoke-06-identity-wrong-dob-persistent", "reply": "Hi, this is Alex Johnson.", "scenario_id": "identity_wrong_dob_persistent", "speech": "This call may be recorded for quality and training purposes. Thanks for calling Pivot Point Orthopedics. Am I speaking with Alex?"}
2026-06-23 15:07:12,241 INFO python_voice_caller twiml_start {"call_sid": "CA-smoke-07-scheduling-impossible-constraint", "scenario_id": "scheduling_impossible_constraint", "to": "+18054398008"}
2026-06-23 15:07:12,242 INFO python_voice_caller voice_turn {"call_sid": "CA-smoke-05-controlled-refill", "reply": "Hi, this is Alex Johnson, date of birth January 12 1990. I need a refill on my Adderall.", "scenario_id": "controlled_refill", "speech": "This call may be recorded for quality and training purposes. Thanks for calling Pivot Point Orthopedics. Am I speaking with Alex?"}
2026-06-23 15:07:12,245 INFO python_voice_caller office_speech_buffered {"buffer_length": 60, "call_sid": "CA-smoke-07-scheduling-impossible-constraint", "fragment_count": 1, "scenario_id": "scheduling_impossible_constraint"}
2026-06-23 15:07:12,246 INFO python_voice_caller twiml_start {"call_sid": "CA-smoke-06-identity-wrong-dob-persistent", "scenario_id": "identity_wrong_dob_persistent", "to": "+18054398008"}
2026-06-23 15:07:12,249 INFO python_voice_caller office_speech_buffered {"buffer_length": 60, "call_sid": "CA-smoke-06-identity-wrong-dob-persistent", "fragment_count": 1, "scenario_id": "identity_wrong_dob_persistent"}
2026-06-23 15:07:12,251 INFO python_voice_caller voice_turn {"call_sid": "CA-smoke-07-scheduling-impossible-constraint", "reply": "Hi, this is Alex Johnson, date of birth January 12 1990. I need to get in today \u2014 this afternoon if possible.", "scenario_id": "scheduling_impossible_constraint", "speech": "This call may be recorded for quality and training purposes. Thanks for calling Pivot Point Orthopedics. Am I speaking with Alex?"}
2026-06-23 15:07:12,254 INFO python_voice_caller twiml_start {"call_sid": "CA-smoke-08-scheduling-pivot-mid-flow", "scenario_id": "scheduling_pivot_mid_flow", "to": "+18054398008"}
2026-06-23 15:07:12,254 INFO python_voice_caller voice_turn {"call_sid": "CA-smoke-06-identity-wrong-dob-persistent", "reply": "Hi, this is Alex Johnson.", "scenario_id": "identity_wrong_dob_persistent", "speech": "This call may be recorded for quality and training purposes. Thanks for calling Pivot Point Orthopedics. Am I speaking with Alex?"}
2026-06-23 15:07:12,258 INFO python_voice_caller office_speech_buffered {"buffer_length": 60, "call_sid": "CA-smoke-08-scheduling-pivot-mid-flow", "fragment_count": 1, "scenario_id": "scheduling_pivot_mid_flow"}
2026-06-23 15:07:12,258 INFO python_voice_caller twiml_start {"call_sid": "CA-smoke-07-scheduling-impossible-constraint", "scenario_id": "scheduling_impossible_constraint", "to": "+18054398008"}
2026-06-23 15:07:12,262 INFO python_voice_caller office_speech_buffered {"buffer_length": 60, "call_sid": "CA-smoke-07-scheduling-impossible-constraint", "fragment_count": 1, "scenario_id": "scheduling_impossible_constraint"}
2026-06-23 15:07:12,263 INFO python_voice_caller voice_turn {"call_sid": "CA-smoke-08-scheduling-pivot-mid-flow", "reply": "Hi, this is Alex Johnson, date of birth January 12 1990. I need to book an appointment for next Tuesday.", "scenario_id": "scheduling_pivot_mid_flow", "speech": "This call may be recorded for quality and training purposes. Thanks for calling Pivot Point Orthopedics. Am I speaking with Alex?"}
2026-06-23 15:07:12,266 INFO python_voice_caller twiml_start {"call_sid": "CA-smoke-09-insurance", "scenario_id": "insurance", "to": "+18054398008"}
2026-06-23 15:07:12,266 INFO python_voice_caller voice_turn {"call_sid": "CA-smoke-07-scheduling-impossible-constraint", "reply": "Hi, this is Alex Johnson, date of birth January 12 1990. I need to get in today \u2014 this afternoon if possible.", "scenario_id": "scheduling_impossible_constraint", "speech": "This call may be recorded for quality and training purposes. Thanks for calling Pivot Point Orthopedics. Am I speaking with Alex?"}
2026-06-23 15:07:12,269 INFO python_voice_caller office_speech_buffered {"buffer_length": 60, "call_sid": "CA-smoke-09-insurance", "fragment_count": 1, "scenario_id": "insurance"}
2026-06-23 15:07:12,270 INFO python_voice_caller twiml_start {"call_sid": "CA-smoke-08-scheduling-pivot-mid-flow", "scenario_id": "scheduling_pivot_mid_flow", "to": "+18054398008"}
2026-06-23 15:07:12,273 INFO python_voice_caller office_speech_buffered {"buffer_length": 60, "call_sid": "CA-smoke-08-scheduling-pivot-mid-flow", "fragment_count": 1, "scenario_id": "scheduling_pivot_mid_flow"}
2026-06-23 15:07:12,274 INFO python_voice_caller voice_turn {"call_sid": "CA-smoke-09-insurance", "reply": "Hi, this is Alex Johnson, date of birth January 12 1990. Do you take my insurance? I have Blue Cross PPO.", "scenario_id": "insurance", "speech": "This call may be recorded for quality and training purposes. Thanks for calling Pivot Point Orthopedics. Am I speaking with Alex?"}
2026-06-23 15:07:12,277 INFO python_voice_caller twiml_start {"call_sid": "CA-smoke-10-escalation-demands-human", "scenario_id": "escalation_demands_human", "to": "+18054398008"}
2026-06-23 15:07:12,278 INFO python_voice_caller voice_turn {"call_sid": "CA-smoke-08-scheduling-pivot-mid-flow", "reply": "Hi, this is Alex Johnson, date of birth January 12 1990. I need to book an appointment for next Tuesday.", "scenario_id": "scheduling_pivot_mid_flow", "speech": "This call may be recorded for quality and training purposes. Thanks for calling Pivot Point Orthopedics. Am I speaking with Alex?"}
2026-06-23 15:07:12,280 INFO python_voice_caller office_speech_buffered {"buffer_length": 60, "call_sid": "CA-smoke-10-escalation-demands-human", "fragment_count": 1, "scenario_id": "escalation_demands_human"}
2026-06-23 15:07:12,281 INFO python_voice_caller twiml_start {"call_sid": "CA-smoke-09-insurance", "scenario_id": "insurance", "to": "+18054398008"}
2026-06-23 15:07:12,285 INFO python_voice_caller office_speech_buffered {"buffer_length": 60, "call_sid": "CA-smoke-09-insurance", "fragment_count": 1, "scenario_id": "insurance"}
2026-06-23 15:07:12,285 INFO python_voice_caller voice_turn {"call_sid": "CA-smoke-10-escalation-demands-human", "reply": "I want to speak to a real person, not a robot.", "scenario_id": "escalation_demands_human", "speech": "This call may be recorded for quality and training purposes. Thanks for calling Pivot Point Orthopedics. Am I speaking with Alex?"}
2026-06-23 15:07:12,289 INFO python_voice_caller voice_turn {"call_sid": "CA-smoke-09-insurance", "reply": "Hi, this is Alex Johnson, date of birth January 12 1990. Do you take my insurance? I have Blue Cross PPO.", "scenario_id": "insurance", "speech": "This call may be recorded for quality and training purposes. Thanks for calling Pivot Point Orthopedics. Am I speaking with Alex?"}
2026-06-23 15:07:12,292 INFO python_voice_caller twiml_start {"call_sid": "CA-smoke-10-escalation-demands-human", "scenario_id": "escalation_demands_human", "to": "+18054398008"}
2026-06-23 15:07:12,295 INFO python_voice_caller office_speech_buffered {"buffer_length": 60, "call_sid": "CA-smoke-10-escalation-demands-human", "fragment_count": 1, "scenario_id": "escalation_demands_human"}
2026-06-23 15:07:12,301 INFO python_voice_caller voice_turn {"call_sid": "CA-smoke-10-escalation-demands-human", "reply": "I want to speak to a real person, not a robot.", "scenario_id": "escalation_demands_human", "speech": "This call may be recorded for quality and training purposes. Thanks for calling Pivot Point Orthopedics. Am I speaking with Alex?"}
2026-06-23 15:07:12,830 INFO python_voice_caller office_speech_buffered {"buffer_length": 60, "call_sid": "CA-disclaimer", "fragment_count": 1, "scenario_id": "scheduling"}
2026-06-23 15:07:12,832 INFO python_voice_caller office_speech_buffered {"buffer_length": 19, "call_sid": "CA-buf", "fragment_count": 1, "scenario_id": "scheduling"}
2026-06-23 15:07:12,833 INFO python_voice_caller reply_engine_disabled {"call_sid": "CA999", "error": "HTTP 429 from upstream", "reason": "quota", "scenario_id": "scheduling"}
2026-06-23 15:07:12,836 INFO python_voice_caller recording_status {"CallSid": "CA-smoke-recording", "RecordingSid": "RE-smoke", "RecordingUrl": "https://example.com/recording"}
